RELICCOH2 started at 2022-02-01 17:23
OS Win 10.0 (sp0.0) x86, 16298MB Physical Memory, 9918 Physical Available, 134217727 Virtual Total, 134213411 Virtual Available, 2688 Page file.
RUN-OPTIONS []
WORKING-DIR [D:\SteamLibraryWindows\steamapps\common\Company of Heroes 2]
USER [Ramee]
LOCALE [ENG]

17:23:08.83   GlobalInit -- Done load for step: 'Platform'
17:23:08.95   GAME -- steam returned language 'english'
17:23:08.95   GAME -- platform returned language 'english'
17:23:08.95   GlobalInit -- Done load for step: 'Config File'
17:23:08.95   Primary CPU is a 3600MHz [AMD Ryzen 3 3200G with Radeon Vega Graphics    ]
17:23:08.95   Architecture [9], Level [23], Revision [6145].
17:23:08.95   4 logical processor(s) detected.
17:23:08.95   4 physical processor(s) detected.
17:23:08.95   1 processor(s) nodes detected.
17:23:08.95   GlobalInit -- Done load for step: 'Init Thread Scheduler'
17:23:08.95   GlobalInit -- Done load for step: 'Render Window'
17:23:08.95   GlobalInit -- Done load for step: 'Scene'
17:23:08.95   MATHBOX -- Version=6, Mode=SSE
17:23:08.95   GlobalInit -- Done load for step: 'MathBox'
17:23:08.95   GlobalInit -- Done load for step: 'ArchiveManager'
17:23:08.95   Using [C:\Users\Ramee\OneDrive\Documents\My Games\Company of Heroes 2\] as base writable folder
17:23:08.95   Game -- System temp path is [C:\Users\Ramee\AppData\Local\Temp\]
17:23:08.97   GlobalInit -- Done load for step: 'Filesystem'
17:23:08.97   GlobalInit -- Done load for step: 'Load Scheduler'
17:23:08.97   GlobalInit -- Done load for step: 'FileLogger'
17:23:09.06   GlobalInit -- Done load for step: 'System Config'
17:23:09.06   SYSTEMCONFIG -- Failed to load configuration from 'userdata:configuration_system.lua'.
17:23:09.06   SYSTEMCONFIG -- Failed to load configuration from 'userdata:configuration_user.lua'.
17:23:09.06   GlobalInit -- Done load for step: 'Load/Save Config Settings'
17:23:09.07   GlobalInit -- Done load for step: 'Warnings'
17:23:09.07   GlobalInit -- Done load for step: 'MemoryEnvironment'
17:23:09.07   MOD -- Initializing mod 'RelicCoH2'.
17:23:09.32   ARC -- CoH2\Archives\Data.sga 935757359 B [ID:3f9691c3371ee5335e5869d3a0d93406] [Ver:685a3279678adc76c0389db1f2f4cb27] [Sig:5572069191826508374]
17:23:09.48   ARC -- CoH2\Archives\Sound.sga 228836620 B [ID:9246d5cc8bf2de31ead8251719e1e576] [Ver:aa843660b88cc0f03d3b9f903adb5f61] [Sig:17165842499857360842]
17:23:09.58   ARC -- CoH2\Archives\SoundXP1.sga 21693342 B [ID:9246d5cc8bf2de31ead8251719e1e576] [Ver:9d448119eea20f8d46d7ca91ec744b64] [Sig:11623608031005062619]
17:23:09.64   ARC -- CoH2\Archives\ArtArmies.sga 57753733 B [ID:d4ab83d0ba0afd4850bbc4c68b0de2be] [Ver:a7c3c8a3d1a4d35e1a02fba8d39e96c2] [Sig:18110546709718188383]
17:23:09.72   ARC -- CoH2\Archives\ArtEnvironment.sga 1261792122 B [ID:4f6a38d9c40d3e11956b769b00d6e689] [Ver:163fd53c3d535813ade8b306c48d0ffa] [Sig:14871123676989888997]
17:23:09.83   ARC -- CoH2\Archives\ArtGermanEF.sga 2936269597 B [ID:fb66b7917c474a33e86456a40dbf2c3a] [Ver:110e0fd4a2891f48d730f1886d46e4e6] [Sig:10853740635794225369]
17:23:09.90   ARC -- CoH2\Archives\ArtSovietEF.sga 3885227115 B [ID:b0e52e8ac61727b4a5101571c7e7110f] [Ver:d994007ca2382d1e97b475e659b907da] [Sig:6062120755749833480]
17:23:09.94   ARC -- CoH2\Archives\ArtAEF.sga 1147054997 B [ID:fd7aa5f8e53fa6a558246d44bedd4cfe] [Ver:281e5422a135bb0c8dfa4d07adc02073] [Sig:11853485836197875361]
17:23:10.00   ARC -- CoH2\Archives\ArtAEFSkins.sga 4286146719 B [ID:ab441482fcc7ddcd25e040085b81d68f] [Ver:a97f86ebe2bfa48123a111b0684b6190] [Sig:10657079685989519814]
17:23:10.05   ARC -- CoH2\Archives\ArtWestGerman.sga 3682192815 B [ID:9ff4d0503a24bdca4dbe1104f7ff37f2] [Ver:1f28b949452e2eea44a2c73a612cf15f] [Sig:9516552232913562622]
17:23:10.10   ARC -- CoH2\Archives\SoundXP2.sga 199001 B [ID:9246d5cc8bf2de31ead8251719e1e576] [Ver:f366468fa94af97a5c1162b6e2d15048] [Sig:10774136334522067768]
17:23:10.16   ARC -- CoH2\Archives\ArtBritish.sga 1920276138 B [ID:391ad53485bf023c2e0f5d508470e0ef] [Ver:023774eeee94c2813650038156228104] [Sig:4210971131149873563]
17:23:10.16   Archive 'CoH2\Archives\Autotest' is missing! Skipping.
17:23:10.25   ARC -- CoH2\Archives\MPScenarios.sga 1844985696 B [ID:f361bb544d19f9ad0702abba3ec58d36] [Ver:fac9cb0264c75d52d90efbc92fccf870] [Sig:9119592047330179811]
17:23:10.30   ARC -- CoH2\Archives\MPXP1Scenarios.sga 269788953 B [ID:8a2c949c3e230925cf294a12321e9211] [Ver:3b17627c7bb13e59944c1933dc07c65a] [Sig:606581586579845663]
17:23:10.34   ARC -- CoH2\Archives\SPScenariosEF.sga 340823058 B [ID:4a2cbc10218aac5e8be4aa494ef1f3ca] [Ver:8d5319d7d263dc71b339d0e9eb0749e6] [Sig:2663722838476071541]
17:23:10.40   ARC -- CoH2\Archives\TOWScenarios.sga 202972788 B [ID:035c09486ef2563f69e781962b46c2e4] [Ver:4af5f9991f7439515903c4e823eb6d5b] [Sig:15664664613644561291]
17:23:10.46   ARC -- CoH2\Archives\DLC1Scenarios.sga 57382901 B [ID:afbdc084e5c98c193cae218ca8e468c8] [Ver:835075f6a5f1e80e222870afaa2dba63] [Sig:2003273899295354318]
17:23:10.49   ARC -- CoH2\Archives\DLC2Scenarios.sga 77535344 B [ID:61eefbc53442d10441d77bbd23b1bc36] [Ver:2a89f0387fad0a4511b4cff6e31dad70] [Sig:7602096073382315002]
17:23:10.53   ARC -- CoH2\Archives\DLC3Scenarios.sga 47253904 B [ID:48c74893c09599be2d61b911563bcab9] [Ver:0d32db24ed4fe982dd70a7b408127123] [Sig:14104588085748238941]
17:23:10.53   Archive 'CoH2\Archives\SPScenariosAA' is missing! Skipping.
17:23:10.58   ARC -- CoH2\Archives\UIHigh.sga 93162388 B [ID:097c8294ec5ed0723b16d8e06f606718] [Ver:d009a641131c381c03d45e2349758743] [Sig:10637141721730413901]
17:23:10.66   ARC -- CoH2\Archives\ArtHigh.sga 316252864 B [ID:d3bf60728712cf58911b326bde74de8f] [Ver:449f501e055deb41181983aff41c5f3e] [Sig:18331496252924118028]
17:23:10.72   ARC -- CoH2\Archives\ArtHighXP1.sga 38528763 B [ID:d3bf60728712cf58911b326bde74de8f] [Ver:529c342813249658e95b9cb145083376] [Sig:12379296965739025282]
17:23:10.75   ARC -- CoH2\Archives\ArtHighXP2.sga 19756659 B [ID:d3bf60728712cf58911b326bde74de8f] [Ver:748b4985808f885b77b3003fe4087ac5] [Sig:2784085868110195942]
17:23:10.83   ARC -- CoH2\Archives\SoundLow.sga 139577082 B [ID:cfc2494a468866824bd199ef51db008a] [Ver:1729bc1169344d253e42f0b84df477fa] [Sig:1059476414882308941]
17:23:10.87   ARC -- CoH2\Archives\SoundLowXP1.sga 8991789 B [ID:cfc2494a468866824bd199ef51db008a] [Ver:0bd02a1d64932c4644a503a99a9f2440] [Sig:7890222098147165552]
17:23:10.89   ARC -- CoH2\Archives\SoundLowXP2.sga 4622986 B [ID:cfc2494a468866824bd199ef51db008a] [Ver:d717ec2a9d6e65c7367b67ff21d729e8] [Sig:10352645887419097376]
17:23:10.98   ARC -- CoH2\Archives\SoundSpeechEnglish.sga 560293192 B [ID:527dd6c09d9403281e2886d358abf509] [Ver:9a7462132b8b852d1d72cb0b257d179c] [Sig:1825285703711461]
17:23:11.05   ARC -- CoH2\Archives\SoundSPSpeechEFEnglish.sga 156636969 B [ID:9347118f8eb48257082ac67d7e00c15b] [Ver:54dde0af87a44506b2be5ba79188c95a] [Sig:1272187853708733765]
17:23:11.12   ARC -- CoH2\Archives\SoundSpeechDLCEnglish.sga 32966778 B [ID:d37d3bfe48368bcdb2c411ff42ef8710] [Ver:b433112008e82a573ba71d453775932d] [Sig:334711823410206087]
17:23:11.19   ARC -- CoH2\Archives\SoundSpeechXP1English.sga 707062686 B [ID:a1f1b169de1b782d9d5b7311ab866728] [Ver:5cd616bf38198b8121042b553ac01f22] [Sig:14783547567273333877]
17:23:11.28   Archive 'CoH2\Archives\SoundSpeechAAEnglish' is missing! Skipping.
17:23:11.36   ARC -- CoH2\Archives\SoundSpeechXP2English.sga 153241711 B [ID:8bb786e9b6bc36e64e1a83cb83e26f4a] [Ver:3e936bc4ca5d3d43ac80ba8a1b0a5d80] [Sig:2614238819969098953]
17:23:11.43   ARC -- CoH2\Archives\AttribArchive.sga 29145472 B [ID:abe931d3adfbab4e871d2dacd29916d3] [Ver:e8f437bbd5d2835b20ca8664e53c7bea] [Sig:6735449431740713416]
17:23:11.81   *Unnamed* -- Done load for step: 'Family Manager'
17:23:11.82   *Unnamed* -- Done load for step: 'Entity Extension Registration'
17:23:11.93   *Unnamed* -- Done load for step: 'Property Bag Registration'
17:23:11.94   *Unnamed* -- Done load for step: 'ModifierManager'
17:23:11.95   *Unnamed* -- Done load for step: 'ActionInfoManager'
17:23:11.95   *Unnamed* -- Done load for step: 'ElementPlanDB'
17:23:11.95   *Unnamed* -- Done load for step: 'SimTerrainDeformation'
17:23:11.95   *Unnamed* -- Done load for step: 'TerrainDeformManager'
17:23:15.47   WW2Mod -- PropertyBagManager Loaded in 3.517000s
17:23:15.47   *Unnamed* -- Done load for step: 'Property Bag Manager'
17:23:15.47   *Unnamed* -- Done load for step: 'StatLogging'
17:23:15.49   *Unnamed* -- Done load for step: 'DestinationFormation'
17:23:15.49   *Unnamed* -- Done load for step: 'HandleIndex Manager'
17:23:15.49   GlobalInit -- Done load for step: 'ModManager'
17:23:15.49   GlobalInit -- Done load for step: 'AlienFX'
17:23:15.49   GlobalInit -- Done load for step: 'Resource Tags'
17:23:15.49   GlobalInit -- Done load for step: 'Locale System'
17:23:15.49   GlobalInit -- Done load for step: 'Multicore Check'
17:23:15.49   GlobalInit -- Done load for step: 'Unique Check'
17:23:15.52   GlobalInit -- Done load for step: 'Parental Control'
17:23:15.52   GlobalInit -- Done load for step: 'Launcher Check'
17:23:15.64   Not able to open the offline items file
17:23:15.64   Not able to open the offline items file
17:23:15.64   Not able to open the offline items file
17:23:15.64   Not able to open the offline items file
17:23:15.64   Not able to open the offline items file
17:23:15.64   Not able to open the offline items file
17:23:15.65   Not able to open the offline items file
17:23:15.66   GAME -- Current user name is [Rameez10]
17:23:15.66   GlobalInit -- Done load for step: 'NetworkGlobal'
17:23:15.67   GlobalInit -- Done load for step: 'App Lua'
17:23:15.67   GlobalInit -- Done load for step: 'Lua Tools'
17:23:15.67   GlobalInit -- Done load for step: 'System Tests'
17:23:15.89   GlobalInit -- Done load for step: 'Command DB'
17:23:15.89   GAME -- Company Of Heroes 2, Build [4.0.0.24250], Language [english]
17:23:15.91   Plat::Win32  -- Desktop PPI 96,  DPI Scaling: 1.000000
17:23:16.10   ADL_Graphics_Versions_Get() failed
17:23:16.26   SPDx11 -- Adapter [AMD Radeon RX 6500 XT]: 4050MB dedicated video memory, 0MB dedicated system memory and 8149MB shared system memory.
17:23:16.31   SPOOGE - Driver[DirectX11_Rendering_Device] version[4,37]
17:23:16.31   AUTODETECT WITH NO DEVICE CREATED YET! using desktop resolution for the performance level test
17:23:16.35   SPDx11 -- New Device RefCount [2], New DeviceContext RefCount [1]
17:23:16.38   ADL_Graphics_Versions_Get() failed
17:23:16.38   SPDx11 -- Adapter Description = AMD Radeon RX 6500 XT
17:23:16.38   SPDx11 -- Driver Vendor = 0x00001002  Device = 0x0000743f  SubSys = 0xe4571da2  Rev = 0x000000c1
17:23:16.38   SPDx11 -- Driver Version  Product = 30  Version = 0  SubVersion = 54  Build = 930.04
17:23:16.38   SPDx11 -- Driver LUID = 0x00000000-0x0000dae2
17:23:16.38   SPDx11 -- 4050MB dedicated video memory, 0MB dedicated system memory and 8149MB shared system memory available.
17:23:16.40   SPDx11 -- [1] GPUs found.
17:23:16.41   ShaderDatabase: using shader profile [ps50]
17:23:16.54   Unable to load shader [coh2_impostor_billboard] so replacing with [defaultshader]
17:23:16.71   SPDx11 -- CreateSwapChain: 1920x1080 @ 0/0Hz (0.000000Hz). Sample count/quality: 1/0. Back buffers: 2.
17:23:16.72   SPDx11 -- Actual SwapChain buffer set by DXGI: 1920x1080 @ 0/0Hz = Refresh Rate: 0.00
17:23:16.72   SPDx11 -- ResizeTarget: 1920x1080 @ 0/0Hz = Refresh Rate: 0.00
17:23:16.72   SPDx11 -- Setting SwapChain State to: WINDOW
17:23:16.72   SPDx11 -- Actual SwapChain buffer set by DXGI: 1920x1080 @ 0/0Hz = Refresh Rate: 0.00
17:23:16.72   SPDx11 -- Actual SwapChain buffer set by DXGI: 1920x1080 @ 0/0Hz = Refresh Rate: 0.00
17:23:16.80   SPDx11 -- device requires additional virtual address space for render targets and static textures
17:23:17.07   SPDx11 -- GPU can do [30419] pixels per usecond.  At [1920x1080x1] this is [14669] screens per second. with a CPU overhead of [0.000000] ms, GPU Usage Time [3.272000] ms, QueryWaitCPU time [8.000000] ms
17:23:17.46   SPDx11 -- GPU can do [376] pixels per usecond.  At [1024x1024x1] this is [359] screens per second. with a CPU overhead of [0.000000] ms, GPU Usage Time [11.133680] ms, QueryWaitCPU time [14.000000] ms
17:23:17.46   PERF -- Screen Completion Rate: 181/s
17:23:18.21   DLLDriverLinker -- 0 DLL drivers found.
17:23:18.24   ADL_Graphics_Versions_Get() failed
17:23:18.31   SPDx11 -- Adapter [AMD Radeon RX 6500 XT]: 4050MB dedicated video memory, 0MB dedicated system memory and 8149MB shared system memory.
17:23:18.31   SPOOGE - Driver[DirectX11_Rendering_Device] version[4,37]
17:23:18.34   ADL_Graphics_Versions_Get() failed
17:23:18.34   Got desktop resolution from the device of: 1920 x 1080
17:23:18.34   GAME -- Desktop refresh rate is 144.000000Hz
17:23:18.34   GAME -- Final selected refresh rate 120.000000Hz
17:23:18.34   GAME -- Resolution set to 1920x1080 @ (120.000000Hz) 120/1 (fullscreen).
17:23:18.38   SPDx11 -- New Device RefCount [2], New DeviceContext RefCount [1]
17:23:18.42   ADL_Graphics_Versions_Get() failed
17:23:18.42   SPDx11 -- Adapter Description = AMD Radeon RX 6500 XT
17:23:18.42   SPDx11 -- Driver Vendor = 0x00001002  Device = 0x0000743f  SubSys = 0xe4571da2  Rev = 0x000000c1
17:23:18.42   SPDx11 -- Driver Version  Product = 30  Version = 0  SubVersion = 54  Build = 930.04
17:23:18.42   SPDx11 -- Driver LUID = 0x00000000-0x0000dae2
17:23:18.42   SPDx11 -- 4050MB dedicated video memory, 0MB dedicated system memory and 8149MB shared system memory available.
17:23:18.42   SPDx11 -- [1] GPUs found.
17:23:18.42   ShaderDatabase: using shader profile [ps50]
17:23:18.48   Unable to load shader [coh2_impostor_billboard] so replacing with [defaultshader]
17:23:18.61   SPDx11 -- CreateSwapChain: 1920x1080 @ 120/1Hz (120.000000Hz). Sample count/quality: 1/0. Back buffers: 2.
17:23:18.96   SPDx11 -- Actual SwapChain buffer set by DXGI: 1920x1080 @ 120/1Hz = Refresh Rate: 120.00
17:23:18.96   SPDx11 -- ResizeTarget: 1920x1080 @ 120/1Hz = Refresh Rate: 120.00
17:23:19.01   SPDx11 -- Setting SwapChain State to: FULLSCREEN
17:23:19.01   SPDx11 -- Actual SwapChain buffer set by DXGI: 1920x1080 @ 120/1Hz = Refresh Rate: 120.00
17:23:19.01   SPDx11 -- Resizing target to make sure Refresh rate is set properly after FullScreen mode change
17:23:19.01   SPDx11 -- ResizeTarget: 1920x1080 @ 0/0Hz = Refresh Rate: 0.00
17:23:19.19   SPDx11 -- Actual SwapChain buffer set by DXGI: 1920x1080 @ 120/1Hz = Refresh Rate: 120.00
17:23:19.21   SPDx11 -- Gamma Caps - Scale/Offset supported: no, Max: 1.00, Min: 0.00, Number of Control Points: 1025.
17:23:19.27   SPDx11 -- Gamma Caps - Scale/Offset supported: no, Max: 1.00, Min: 0.00, Number of Control Points: 1025.
17:23:19.29   SPDx11 -- device requires no additional virtual address space textures.
17:23:19.29   SPDx11 -- Setting SwapChain State to: FULLSCREEN
17:23:19.29   SPDx11 -- Actual SwapChain buffer set by DXGI: 1920x1080 @ 120/1Hz = Refresh Rate: 120.00
17:23:19.29   SPDx11 -- Resizing target to make sure Refresh rate is set properly after FullScreen mode change
17:23:19.29   SPDx11 -- ResizeTarget: 1920x1080 @ 0/0Hz = Refresh Rate: 0.00
17:23:19.39   SPDx11 -- Actual SwapChain buffer set by DXGI: 1920x1080 @ 120/1Hz = Refresh Rate: 120.00
17:23:19.53   SPDx11 -- GPU can do [22822] pixels per usecond.  At [1920x1080x1] this is [11006] screens per second. with a CPU overhead of [0.000000] ms, GPU Usage Time [4.361200] ms, QueryWaitCPU time [8.000000] ms
17:23:19.74   SPDx11 -- GPU can do [376] pixels per usecond.  At [1024x1024x1] this is [358] screens per second. with a CPU overhead of [0.000000] ms, GPU Usage Time [11.151120] ms, QueryWaitCPU time [14.000000] ms
17:23:19.74   PERF -- Screen Completion Rate: 181/s
17:23:19.75   SPDx11 -- Gamma Caps - Scale/Offset supported: no, Max: 1.00, Min: 0.00, Number of Control Points: 1025.
17:23:19.99   DLLDriverLinker -- 0 DLL drivers found.
17:23:20.03   ADL_Graphics_Versions_Get() failed
17:23:20.18   SPDx11 -- Adapter [AMD Radeon RX 6500 XT]: 4050MB dedicated video memory, 0MB dedicated system memory and 8149MB shared system memory.
17:23:20.18   OPTION -- effectsdensity: 3
17:23:20.18   OPTION -- effectsfidelity: 3
17:23:20.18   OPTION -- modeldetail: 511
17:23:20.18   OPTION -- postprocessing: 1
17:23:20.18   OPTION -- raindetail: 2
17:23:20.18   OPTION -- reflections: 1
17:23:20.18   OPTION -- ambocclquality: 2
17:23:20.18   OPTION -- shadows: 3
17:23:20.18   OPTION -- shrubsdetail: 1
17:23:20.18   OPTION -- terraindetail: 2
17:23:20.18   OPTION -- snowdetail: 3
17:23:20.18   OPTION -- antialiasing: 1
17:23:20.18   OPTION -- verticalsync: 1
17:23:20.18   OPTION -- physics: 3
17:23:20.18   OPTION -- texturedetail: 0
17:23:20.18   OPTION -- worldviewquality: 2
17:23:20.18   OPTION -- modelanimationdetail: 1
17:23:20.18   SPOOGE - Driver[DirectX11_Rendering_Device] version[4,37]
17:23:20.22   SPDx11 -- New Device RefCount [2], New DeviceContext RefCount [1]
17:23:20.26   ADL_Graphics_Versions_Get() failed
17:23:20.26   SPDx11 -- Adapter Description = AMD Radeon RX 6500 XT
17:23:20.26   SPDx11 -- Driver Vendor = 0x00001002  Device = 0x0000743f  SubSys = 0xe4571da2  Rev = 0x000000c1
17:23:20.26   SPDx11 -- Driver Version  Product = 30  Version = 0  SubVersion = 54  Build = 930.04
17:23:20.26   SPDx11 -- Driver LUID = 0x00000000-0x0000dae2
17:23:20.26   SPDx11 -- 4050MB dedicated video memory, 0MB dedicated system memory and 8149MB shared system memory available.
17:23:20.26   SPDx11 -- [1] GPUs found.
17:23:20.26   ShaderDatabase: using shader profile [ps50]
17:23:20.32   Unable to load shader [coh2_impostor_billboard] so replacing with [defaultshader]
17:23:20.44   SPDx11 -- CreateSwapChain: 1920x1080 @ 120/1Hz (120.000000Hz). Sample count/quality: 1/0. Back buffers: 2.
17:23:20.68   SPDx11 -- Actual SwapChain buffer set by DXGI: 1920x1080 @ 120/1Hz = Refresh Rate: 120.00
17:23:20.68   SPDx11 -- ResizeTarget: 1920x1080 @ 120/1Hz = Refresh Rate: 120.00
17:23:20.71   SPDx11 -- Setting SwapChain State to: FULLSCREEN
17:23:20.71   SPDx11 -- Actual SwapChain buffer set by DXGI: 1920x1080 @ 120/1Hz = Refresh Rate: 120.00
17:23:20.71   SPDx11 -- Resizing target to make sure Refresh rate is set properly after FullScreen mode change
17:23:20.71   SPDx11 -- ResizeTarget: 1920x1080 @ 0/0Hz = Refresh Rate: 0.00
17:23:20.92   SPDx11 -- Actual SwapChain buffer set by DXGI: 1920x1080 @ 120/1Hz = Refresh Rate: 120.00
17:23:20.95   SPDx11 -- Gamma Caps - Scale/Offset supported: no, Max: 1.00, Min: 0.00, Number of Control Points: 1025.
17:23:21.04   SPDx11 -- Gamma Caps - Scale/Offset supported: no, Max: 1.00, Min: 0.00, Number of Control Points: 1025.
17:23:21.05   SPDx11 -- device requires no additional virtual address space textures.
17:23:21.15   SPDx11 -- GPU can do [22823] pixels per usecond.  At [1920x1080x1] this is [11006] screens per second. with a CPU overhead of [0.000000] ms, GPU Usage Time [4.361040] ms, QueryWaitCPU time [8.000000] ms
17:23:21.37   SPDx11 -- GPU can do [375] pixels per usecond.  At [1024x1024x1] this is [358] screens per second. with a CPU overhead of [0.000000] ms, GPU Usage Time [11.157080] ms, QueryWaitCPU time [14.000000] ms
17:23:21.37   LoadDevicesInit -- Done load for step: 'Graphics'
17:23:21.37   FILESYSTEM -- filepath failure, missing alias 'TOOLSDATA:autoloddecimator.lua'
17:23:21.38   LoadDevicesInit -- Done load for step: 'Render Anim'
17:23:21.48   LoadDevicesInit -- Done load for step: 'Init Screen Background'
17:23:21.48   LoadDevicesInit -- Done load for step: 'Inventory'
17:23:21.48   LoadDevicesInit -- Done load for step: 'UI System'
17:23:21.48   LoadDevicesInit -- Done load for step: 'Debug Render'
17:23:21.51   SOUND -- Shutting down ...
17:23:21.51   SOUND -- Shutdown completed!
17:23:21.52   ARC -- CoH2\Archives\Data.sga 935757359 B [ID:3f9691c3371ee5335e5869d3a0d93406] [Ver:685a3279678adc76c0389db1f2f4cb27] [Sig:5572069191826508374]
17:23:21.53   ARC -- CoH2\Archives\Sound.sga 228836620 B [ID:9246d5cc8bf2de31ead8251719e1e576] [Ver:aa843660b88cc0f03d3b9f903adb5f61] [Sig:17165842499857360842]
17:23:21.53   ARC -- CoH2\Archives\SoundXP1.sga 21693342 B [ID:9246d5cc8bf2de31ead8251719e1e576] [Ver:9d448119eea20f8d46d7ca91ec744b64] [Sig:11623608031005062619]
17:23:21.53   ARC -- CoH2\Archives\ArtArmies.sga 57753733 B [ID:d4ab83d0ba0afd4850bbc4c68b0de2be] [Ver:a7c3c8a3d1a4d35e1a02fba8d39e96c2] [Sig:18110546709718188383]
17:23:21.53   ARC -- CoH2\Archives\ArtEnvironment.sga 1261792122 B [ID:4f6a38d9c40d3e11956b769b00d6e689] [Ver:163fd53c3d535813ade8b306c48d0ffa] [Sig:14871123676989888997]
17:23:21.53   ARC -- CoH2\Archives\ArtGermanEF.sga 2936269597 B [ID:fb66b7917c474a33e86456a40dbf2c3a] [Ver:110e0fd4a2891f48d730f1886d46e4e6] [Sig:10853740635794225369]
17:23:21.54   ARC -- CoH2\Archives\ArtSovietEF.sga 3885227115 B [ID:b0e52e8ac61727b4a5101571c7e7110f] [Ver:d994007ca2382d1e97b475e659b907da] [Sig:6062120755749833480]
17:23:21.54   ARC -- CoH2\Archives\ArtAEF.sga 1147054997 B [ID:fd7aa5f8e53fa6a558246d44bedd4cfe] [Ver:281e5422a135bb0c8dfa4d07adc02073] [Sig:11853485836197875361]
17:23:21.54   ARC -- CoH2\Archives\ArtAEFSkins.sga 4286146719 B [ID:ab441482fcc7ddcd25e040085b81d68f] [Ver:a97f86ebe2bfa48123a111b0684b6190] [Sig:10657079685989519814]
17:23:21.54   ARC -- CoH2\Archives\ArtWestGerman.sga 3682192815 B [ID:9ff4d0503a24bdca4dbe1104f7ff37f2] [Ver:1f28b949452e2eea44a2c73a612cf15f] [Sig:9516552232913562622]
17:23:21.54   ARC -- CoH2\Archives\SoundXP2.sga 199001 B [ID:9246d5cc8bf2de31ead8251719e1e576] [Ver:f366468fa94af97a5c1162b6e2d15048] [Sig:10774136334522067768]
17:23:21.54   ARC -- CoH2\Archives\ArtBritish.sga 1920276138 B [ID:391ad53485bf023c2e0f5d508470e0ef] [Ver:023774eeee94c2813650038156228104] [Sig:4210971131149873563]
17:23:21.54   Archive 'CoH2\Archives\Autotest' is missing! Skipping.
17:23:21.55   ARC -- CoH2\Archives\MPScenarios.sga 1844985696 B [ID:f361bb544d19f9ad0702abba3ec58d36] [Ver:fac9cb0264c75d52d90efbc92fccf870] [Sig:9119592047330179811]
17:23:21.55   ARC -- CoH2\Archives\MPXP1Scenarios.sga 269788953 B [ID:8a2c949c3e230925cf294a12321e9211] [Ver:3b17627c7bb13e59944c1933dc07c65a] [Sig:606581586579845663]
17:23:21.55   ARC -- CoH2\Archives\SPScenariosEF.sga 340823058 B [ID:4a2cbc10218aac5e8be4aa494ef1f3ca] [Ver:8d5319d7d263dc71b339d0e9eb0749e6] [Sig:2663722838476071541]
17:23:21.55   ARC -- CoH2\Archives\TOWScenarios.sga 202972788 B [ID:035c09486ef2563f69e781962b46c2e4] [Ver:4af5f9991f7439515903c4e823eb6d5b] [Sig:15664664613644561291]
17:23:21.55   ARC -- CoH2\Archives\DLC1Scenarios.sga 57382901 B [ID:afbdc084e5c98c193cae218ca8e468c8] [Ver:835075f6a5f1e80e222870afaa2dba63] [Sig:2003273899295354318]
17:23:21.56   ARC -- CoH2\Archives\DLC2Scenarios.sga 77535344 B [ID:61eefbc53442d10441d77bbd23b1bc36] [Ver:2a89f0387fad0a4511b4cff6e31dad70] [Sig:7602096073382315002]
17:23:21.56   ARC -- CoH2\Archives\DLC3Scenarios.sga 47253904 B [ID:48c74893c09599be2d61b911563bcab9] [Ver:0d32db24ed4fe982dd70a7b408127123] [Sig:14104588085748238941]
17:23:21.56   Archive 'CoH2\Archives\SPScenariosAA' is missing! Skipping.
17:23:21.56   ARC -- CoH2\Archives\UIHigh.sga 93162388 B [ID:097c8294ec5ed0723b16d8e06f606718] [Ver:d009a641131c381c03d45e2349758743] [Sig:10637141721730413901]
17:23:21.57   ARC -- CoH2\Archives\ArtHigh.sga 316252864 B [ID:d3bf60728712cf58911b326bde74de8f] [Ver:449f501e055deb41181983aff41c5f3e] [Sig:18331496252924118028]
17:23:21.57   ARC -- CoH2\Archives\ArtHighXP1.sga 38528763 B [ID:d3bf60728712cf58911b326bde74de8f] [Ver:529c342813249658e95b9cb145083376] [Sig:12379296965739025282]
17:23:21.57   ARC -- CoH2\Archives\ArtHighXP2.sga 19756659 B [ID:d3bf60728712cf58911b326bde74de8f] [Ver:748b4985808f885b77b3003fe4087ac5] [Sig:2784085868110195942]
17:23:21.65   ARC -- CoH2\Archives\SoundHigh.sga 1031467146 B [ID:3730f31a8f731e6cbc26a00244f571cc] [Ver:a12e581cdaa369cbc269c9ecce6390f7] [Sig:18214921420031089867]
17:23:21.73   ARC -- CoH2\Archives\SoundHighXP1.sga 89990965 B [ID:3730f31a8f731e6cbc26a00244f571cc] [Ver:1cc1bf361529d9db2191610baac4fa3e] [Sig:5801087545420265863]
17:23:21.76   ARC -- CoH2\Archives\SoundHighXP2.sga 37088744 B [ID:3730f31a8f731e6cbc26a00244f571cc] [Ver:4cfa3cc7075c50a459ea894027042002] [Sig:10443542780852497330]
17:23:21.77   ARC -- CoH2\Archives\SoundSpeechEnglish.sga 560293192 B [ID:527dd6c09d9403281e2886d358abf509] [Ver:9a7462132b8b852d1d72cb0b257d179c] [Sig:1825285703711461]
17:23:21.77   ARC -- CoH2\Archives\SoundSPSpeechEFEnglish.sga 156636969 B [ID:9347118f8eb48257082ac67d7e00c15b] [Ver:54dde0af87a44506b2be5ba79188c95a] [Sig:1272187853708733765]
17:23:21.77   ARC -- CoH2\Archives\SoundSpeechDLCEnglish.sga 32966778 B [ID:d37d3bfe48368bcdb2c411ff42ef8710] [Ver:b433112008e82a573ba71d453775932d] [Sig:334711823410206087]
17:23:21.78   ARC -- CoH2\Archives\SoundSpeechXP1English.sga 707062686 B [ID:a1f1b169de1b782d9d5b7311ab866728] [Ver:5cd616bf38198b8121042b553ac01f22] [Sig:14783547567273333877]
17:23:21.78   Archive 'CoH2\Archives\SoundSpeechAAEnglish' is missing! Skipping.
17:23:21.78   ARC -- CoH2\Archives\SoundSpeechXP2English.sga 153241711 B [ID:8bb786e9b6bc36e64e1a83cb83e26f4a] [Ver:3e936bc4ca5d3d43ac80ba8a1b0a5d80] [Sig:2614238819969098953]
17:23:21.79   ARC -- CoH2\Archives\AttribArchive.sga 29145472 B [ID:abe931d3adfbab4e871d2dacd29916d3] [Ver:e8f437bbd5d2835b20ca8664e53c7bea] [Sig:6735449431740713416]
17:23:21.97   SOUND -- Initializing ...
17:23:22.14   INNIMapDCA Key not found: tiger_radio_fuzz::objectdistance
17:23:22.16   INNIMapDCA Key not found: Reverb_Forest_Subtle::Distance
17:23:22.20   INNIMapDCA Key not found: metamap_result
17:23:22.50   INNIMapDCA Key not found: rudders_rotation
17:23:23.06   SOUND -- Initialization completed!
17:23:24.56   LoadDevicesInit -- Done load for step: 'Sound'
17:23:24.56   LoadDevicesInit -- Done load for step: 'Fonts'
17:23:24.58   LoadDevicesInit -- Done load for step: 'Cursor'
17:23:25.40   LoadDevicesInit -- Done load for step: 'Special FX'
17:23:25.40   LoadDevicesInit -- Done load for step: 'Statgraph'
17:23:25.40   LoadDevicesInit -- Done load for step: 'Debug Console'
17:23:25.40   LoadDevicesInit -- Done load for step: 'Movie Manager'
17:23:25.43   LoadDevicesInit -- Done load for step: 'Html Surface Manager'
17:23:25.49   SCENARIO -- Failed to open stream for Scenario 'DATA:scenarios\tow\challenges\1942_airfield\allied_airfield.info'
17:23:25.63   SCENARIO -- Failed to open stream for Scenario 'DATA:scenarios\tow\scenarios\1941_moscow\1941_moscow_art_v1_ro.info'
17:23:25.69   SCENARIO -- Failed to open stream for Scenario 'DATA:scenarios\sp\coh2_campaign\m02-scorched_earth\scorched_earth_02_03nis.info'
17:23:25.99   SCENARIO -- Failed to open stream for Scenario 'DATA:scenarios\mp\2p_cheneux\2p_cheneux_temp.info'
17:23:26.91   SCENARIO -- Failed to open stream for Scenario 'DATA:scenarios\mp\4p_gelsenkirchen_refinery\4p_gelsenkirchen_refinery_temp.info'
17:23:27.39   SCENARIO -- Failed to open stream for Scenario 'DATA:scenarios\mp\6p_across_the_rhine\6p_across_the_rhine_temp.info'
17:23:27.77   SCENARIO -- Failed to open stream for Scenario 'DATA:scenarios\mp\8p_port_of_hamburg\8p_port_of_hamburg_2.info'
17:23:27.98   SCENARIO -- Failed to open stream for Scenario 'DATA:scenarios\mp\outsourcing_winter\outsourcing_winter.info'
17:23:28.42   ModLoadInit -- Done load for step: 'World Manager'
17:23:28.42   ModLoadInit -- Done load for step: 'Campaign Manager'
17:23:28.42   ModLoadInit -- Done load for step: 'Scenario Progress Manager'
17:23:32.21   ModLoadInit -- Done load for step: 'Cursors'
17:23:32.21   ModLoadInit -- Done load for step: 'IntelBulletin'
17:23:32.21   ModLoadInit -- Done load for step: 'Progression'
17:23:32.21   ModLoadInit -- Done load for step: 'Item Manager'
17:23:32.21   ModLoadInit -- Done load for step: 'Loadout Manager'
17:23:32.22   ModLoadInit -- Done load for step: 'Chat Manager'
17:23:32.22   GameObjLoader 84dcd3b0 - resetting counters
17:23:32.22   GameObjLoader 84dcd3b0 - Created loader
17:23:32.22   GameObjLoader 84dcd4b0 - resetting counters
17:23:32.22   GameObjLoader 84dcd4b0 - Created loader
17:23:32.23   CRC & Version Info : exe 0x00005eba:data 0x92493584
17:23:32.24   Initializing Scaleform D3D11 HAL
17:23:35.28   SFLoader -- UI DATA:UI\Bin\COH2UI.gfx loaded in 3.030000s
17:23:35.28   MUTING SOUNDS
17:23:41.59   RelicLinkListener::OnAccountEvent - AET_Login - Result [0]
17:23:41.59   Not able to open the offline items file
17:23:55.59   Some of the ItemPrices received from the server were removed. Size changed from 2130 to 2127
17:24:10.26   SOUND -- Shutting down ...
17:24:10.26   SOUND -- Shark Thread - Shutdown received
17:24:10.28   SOUND -- Shutdown completed!
17:24:10.35   SPDx11 -- Gamma Caps - Scale/Offset supported: no, Max: 1.00, Min: 0.00, Number of Control Points: 1025.
17:24:10.57   DLLDriverLinker -- 0 DLL drivers found.
17:24:20.02   MOD -- Shutting down mod.
17:24:20.09   FILESYSTEM -- filepath failed to remove alias, missing alias 'stats'

Application closed without errors
